SQLSTATE[HY000] [1049] Unknown database 'car_shop1'SQLSTATE[HY000] [1049] Unknown database 'car_shop1'SQLSTATE[HY000] [1049] Unknown database 'car_shop1'SQLSTATE[HY000] [1049] Unknown database 'car_shop1'SQLSTATE[HY000] [1049] Unknown database 'car_shop1'SQLSTATE[HY000] [1049] Unknown database 'car_shop1'SQLSTATE[HY000] [1049] Unknown database 'car_shop1'SQLSTATE[HY000] [1049] Unknown database 'car_shop1'SQLSTATE[HY000] [1049] Unknown database 'car_shop1'SQLSTATE[HY000] [1049] Unknown database 'car_shop1'SQLSTATE[HY000] [1049] Unknown database 'car_shop1'SQLSTATE[HY000] [1049] Unknown database 'car_shop1'SQLSTATE[HY000] [1049] Unknown database 'car_shop1'SQLSTATE[HY000] [1049] Unknown database 'car_shop1'SQLSTATE[HY000] [1049] Unknown database 'car_shop1'SQLSTATE[HY000] [1049] Unknown database 'car_shop1'SQLSTATE[HY000] [1049] Unknown database 'car_shop1'SQLSTATE[HY000] [1049] Unknown database 'car_shop1'SQLSTATE[HY000] [1049] Unknown database 'car_shop1'SQLSTATE[HY000] [1049] Unknown database 'car_shop1'SQLSTATE[HY000] [1049] Unknown database 'car_shop1'SQLSTATE[HY000] [1049] Unknown database 'car_shop1'SQLSTATE[HY000] [1049] Unknown database 'car_shop1'SQLSTATE[HY000] [1049] Unknown database 'car_shop1'SQLSTATE[HY000] [1049] Unknown database 'car_shop1'SQLSTATE[HY000] [1049] Unknown database 'car_shop1'SQLSTATE[HY000] [1049] Unknown database 'car_shop1'SQLSTATE[HY000] [1049] Unknown database 'car_shop1'SQLSTATE[HY000] [1049] Unknown database 'car_shop1'SQLSTATE[HY000] [1049] Unknown database 'car_shop1'SQLSTATE[HY000] [1049] Unknown database 'car_shop1'SQLSTATE[HY000] [1049] Unknown database 'car_shop1'SQLSTATE[HY000] [1049] Unknown database 'car_shop1'SQLSTATE[HY000] [1049] Unknown database 'car_shop1'SQLSTATE[HY000] [1049] Unknown database 'car_shop1'SQLSTATE[HY000] [1049] Unknown database 'car_shop1'SQLSTATE[HY000] [1049] Unknown database 'car_shop1'SQLSTATE[HY000] [1049] Unknown database 'car_shop1'SQLSTATE[HY000] [1049] Unknown database 'car_shop1'SQLSTATE[HY000] [1049] Unknown database 'car_shop1'SQLSTATE[HY000] [1049] Unknown database 'car_shop1'SQLSTATE[HY000] [1049] Unknown database 'car_shop1'SQLSTATE[HY000] [1049] Unknown database 'car_shop1'SQLSTATE[HY000] [1049] Unknown database 'car_shop1'SQLSTATE[HY000] [1049] Unknown database 'car_shop1'SQLSTATE[HY000] [1049] Unknown database 'car_shop1'SQLSTATE[HY000] [1049] Unknown database 'car_shop1'SQLSTATE[HY000] [1049] Unknown database 'car_shop1'SQLSTATE[HY000] [1049] Unknown database 'car_shop1'SQLSTATE[HY000] [1049] Unknown database 'car_shop1'SQLSTATE[HY000] [1049] Unknown database 'car_shop1'SQLSTATE[HY000] [1049] Unknown database 'car_shop1'SQLSTATE[HY000] [1049] Unknown database 'car_shop1'SQLSTATE[HY000] [1049] Unknown database 'car_shop1'SQLSTATE[HY000] [1049] Unknown database 'car_shop1'SQLSTATE[HY000] [1049] Unknown database 'car_shop1'SQLSTATE[HY000] [1049] Unknown database 'car_shop1'SQLSTATE[HY000] [1049] Unknown database 'car_shop1'SQLSTATE[HY000] [1049] Unknown database 'car_shop1'SQLSTATE[HY000] [1049] Unknown database 'car_shop1'SQLSTATE[HY000] [1049] Unknown database 'car_shop1'SQLSTATE[HY000] [1049] Unknown database 'car_shop1'